{"status":"warn","shutting_down":false,"total_latency_ms":0,"checks":{"api/cache":{"status":"pass","since":"2026-09-15T12:00:00Z"},"api/db":{"status":"warn","error":"service unhealthy","since":"2026-09-15T12:00:00Z"},"web/db":{"status":"pass","since":"2026-09-15T12:00:00Z"},"web/render":{"status":"pass","since":"2026-09-15T12:00:00Z"}}}